[
  {
    "Description": "apply search type for pattern ⚬ apply language filter for pattern",
    "Input": "go commit yikes derp",
    "Query": "type:commit lang:Go yikes derp"
  },
  {
    "Description": "apply search type for pattern",
    "Input": "go commit yikes derp",
    "Query": "type:commit go yikes derp"
  },
  {
    "Description": "apply language filter for pattern",
    "Input": "go commit yikes derp",
    "Query": "lang:Go commit yikes derp"
  },
  {
    "Description": "apply search type for pattern ⚬ apply language filter for pattern ⚬ AND patterns together",
    "Input": "go commit yikes derp",
    "Query": "type:commit lang:Go (yikes AND derp AND -content:\"yikes derp\")"
  },
  {
    "Description": "apply search type for pattern ⚬ AND patterns together",
    "Input": "go commit yikes derp",
    "Query": "type:commit (go AND yikes AND derp AND -content:\"go yikes derp\")"
  },
  {
    "Description": "apply language filter for pattern ⚬ AND patterns together",
    "Input": "go commit yikes derp",
    "Query": "lang:Go (commit AND yikes AND derp AND -content:\"commit yikes derp\")"
  },
  {
    "Description": "AND patterns together",
    "Input": "go commit yikes derp",
    "Query": "((go AND commit AND yikes AND derp) AND -content:\"go commit yikes derp\")"
  }
]