{
  "Input": "context:global parse func",
  "Query": "context:global (parse AND func AND -content:\"parse func\")"
}